// Jest Snapshot v1, https://goo.gl/fbAQLP

exports[`<ListCard /> should match snapshot 1`] = `
Object {
  "asFragment": [Function],
  "baseElement": <body>
    <div>
      <div>
        <div>
          <h3>
            1
            .
             
            <a
              class="sc-bdVaJa dnpXWZ"
              href="https://google.com"
              target="_blank"
            >
              This is a title
            </a>
             
            (google.com)
          </h3>
          <p>
            $
            100
             points
             by 
            ben
             |
             
            <a
              href="/item/123"
            >
              discuss
            </a>
          </p>
        </div>
        <div>
          <h3>
            2
            .
             
            <a
              class="sc-bdVaJa dnpXWZ"
              href="https://google.com"
              target="_blank"
            >
              This is a title
            </a>
             
            (google.com)
          </h3>
          <p>
            $
            100
             points
             by 
            ben
             |
             
            <a
              href="/item/123"
            >
              discuss
            </a>
          </p>
        </div>
        <div>
          <h3>
            3
            .
             
            <a
              class="sc-bdVaJa dnpXWZ"
              href="https://google.com"
              target="_blank"
            >
              This is a title
            </a>
             
            (google.com)
          </h3>
          <p>
            $
            100
             points
             by 
            ben
             |
             
            <a
              href="/item/123"
            >
              discuss
            </a>
          </p>
        </div>
      </div>
    </div>
    <div>
      <div>
        <h3>
          1
          .
           
          <a
            class="sc-bdVaJa dnpXWZ"
            href="https://google.com"
            target="_blank"
          >
            This is a title
          </a>
           
          (google.com)
        </h3>
        <p>
          $
          100
           points
           by 
          ben
           |
           
          <a
            href="/item/123"
          >
            discuss
          </a>
        </p>
      </div>
    </div>
  </body>,
  "container": <div>
    <div>
      <h3>
        1
        .
         
        <a
          class="sc-bdVaJa dnpXWZ"
          href="https://google.com"
          target="_blank"
        >
          This is a title
        </a>
         
        (google.com)
      </h3>
      <p>
        $
        100
         points
         by 
        ben
         |
         
        <a
          href="/item/123"
        >
          discuss
        </a>
      </p>
    </div>
  </div>,
  "debug": [Function],
  "getAllByAltText": [Function],
  "getAllByDisplayValue": [Function],
  "getAllByLabelText": [Function],
  "getAllByPlaceholderText": [Function],
  "getAllByRole": [Function],
  "getAllBySelectText": [Function],
  "getAllByTestId": [Function],
  "getAllByText": [Function],
  "getAllByTitle": [Function],
  "getAllByValue": [Function],
  "getByAltText": [Function],
  "getByDisplayValue": [Function],
  "getByLabelText": [Function],
  "getByPlaceholderText": [Function],
  "getByRole": [Function],
  "getBySelectText": [Function],
  "getByTestId": [Function],
  "getByText": [Function],
  "getByTitle": [Function],
  "getByValue": [Function],
  "queryAllByAltText": [Function],
  "queryAllByDisplayValue": [Function],
  "queryAllByLabelText": [Function],
  "queryAllByPlaceholderText": [Function],
  "queryAllByRole": [Function],
  "queryAllBySelectText": [Function],
  "queryAllByTestId": [Function],
  "queryAllByText": [Function],
  "queryAllByTitle": [Function],
  "queryAllByValue": [Function],
  "queryByAltText": [Function],
  "queryByDisplayValue": [Function],
  "queryByLabelText": [Function],
  "queryByPlaceholderText": [Function],
  "queryByRole": [Function],
  "queryBySelectText": [Function],
  "queryByTestId": [Function],
  "queryByText": [Function],
  "queryByTitle": [Function],
  "queryByValue": [Function],
  "rerender": [Function],
  "unmount": [Function],
}
`;
