// Jest Snapshot v1, https://goo.gl/fbAQLP

exports[`<TypeSelectorContainer /> should match the snapshot 1`] = `
<div
  class="sc-bwzfXH eqBUmh"
>
  <button
    class="sc-bdVaJa bNGhWs"
    type="button"
  >
    Top
  </button>
  <button
    class="sc-bdVaJa fgRJQW"
    type="button"
  >
    New
  </button>
</div>
`;
